2025-05-01 10:05:07,749 - INFO: Number of filtered companies: 517
2025-05-01 10:05:07,798 - INFO: Carbon footprint calculation - Filtered companies count: 517
2025-05-01 10:05:07,798 - INFO: Carbon footprint calculation - Input weights length: 517
2025-05-01 10:05:08,192 - INFO: Carbon footprint calculation - Filtered companies count: 517
2025-05-01 10:05:08,192 - INFO: Carbon footprint calculation - Input weights length: 517
2025-05-01 10:05:08,672 - INFO: MV Carbon Portfolio optimization for year 2013:
2025-05-01 10:05:08,672 - INFO:   Returns shape: (517,)
2025-05-01 10:05:08,672 - INFO:   Covariance matrix shape: (517, 517)
2025-05-01 10:05:08,672 - INFO:   Emissions shape: (517,)
2025-05-01 10:05:08,672 - INFO:   Market cap shape: (517,)
2025-05-01 10:05:08,672 - INFO:   Carbon limit: 32986165865849.617
2025-05-01 10:05:08,672 - INFO: Optimization - Number of filtered companies: 517
2025-05-01 10:05:08,672 - INFO: Optimization - Expected returns length: 517
2025-05-01 10:05:08,672 - INFO: Optimization - Covariance matrix shape: (517, 517)
2025-05-01 10:05:08,672 - INFO: Optimization - Emissions length: 517
2025-05-01 10:05:08,672 - INFO: Optimization - Market caps length: 517
2025-05-01 10:05:08,900 - INFO: Optimization successful using ECOS. Final weights length: 517
2025-05-01 10:05:08,900 - INFO: Carbon footprint calculation - Filtered companies count: 517
2025-05-01 10:05:08,900 - INFO: Carbon footprint calculation - Input weights length: 517
2025-05-01 10:05:09,391 - INFO: VW Carbon Portfolio optimization for year 2013:
2025-05-01 10:05:09,391 - INFO:   VW weights shape: (517,)
2025-05-01 10:05:09,391 - INFO:   Covariance matrix shape: (517, 517)
2025-05-01 10:05:09,391 - INFO:   Emissions shape: (517,)
2025-05-01 10:05:09,391 - INFO:   Market cap shape: (517,)
2025-05-01 10:05:09,391 - INFO:   Carbon limit: 123.5959012562334
2025-05-01 10:05:09,391 - INFO: Optimization - Number of filtered companies: 517
2025-05-01 10:05:09,391 - INFO: Optimization - Expected returns length: 517
2025-05-01 10:05:09,391 - INFO: Optimization - Covariance matrix shape: (517, 517)
2025-05-01 10:05:09,391 - INFO: Optimization - Emissions length: 517
2025-05-01 10:05:09,391 - INFO: Optimization - Market caps length: 517
2025-05-01 10:05:09,646 - INFO: Optimization successful using ECOS. Final weights length: 517
2025-05-01 10:05:09,647 - INFO: Carbon footprint calculation - Filtered companies count: 517
2025-05-01 10:05:09,647 - INFO: Carbon footprint calculation - Input weights length: 517
2025-05-01 10:05:10,171 - INFO: Net Zero Portfolio optimization for year 2013:
2025-05-01 10:05:10,171 - INFO:   VW weights shape: (517,)
2025-05-01 10:05:10,171 - INFO:   Covariance matrix shape: (517, 517)
2025-05-01 10:05:10,171 - INFO:   Emissions shape: (517,)
2025-05-01 10:05:10,171 - INFO:   Market cap shape: (517,)
2025-05-01 10:05:10,171 - INFO:   Carbon limit: 247.1918025124668
2025-05-01 10:05:10,171 - INFO: Optimization - Number of filtered companies: 517
2025-05-01 10:05:10,171 - INFO: Optimization - Expected returns length: 517
2025-05-01 10:05:10,171 - INFO: Optimization - Covariance matrix shape: (517, 517)
2025-05-01 10:05:10,171 - INFO: Optimization - Emissions length: 517
2025-05-01 10:05:10,171 - INFO: Optimization - Market caps length: 517
2025-05-01 10:05:10,453 - INFO: Optimization successful using ECOS. Final weights length: 517
2025-05-01 10:05:10,453 - INFO: Carbon footprint calculation - Filtered companies count: 517
2025-05-01 10:05:10,453 - INFO: Carbon footprint calculation - Input weights length: 517
2025-05-01 10:05:10,803 - INFO: Carbon footprint calculation - Filtered companies count: 517
2025-05-01 10:05:10,803 - INFO: Carbon footprint calculation - Input weights length: 517
2025-05-01 10:05:11,128 - INFO: Carbon footprint calculation - Filtered companies count: 517
2025-05-01 10:05:11,128 - INFO: Carbon footprint calculation - Input weights length: 517
2025-05-01 10:05:11,620 - INFO: MV Carbon Portfolio optimization for year 2014:
2025-05-01 10:05:11,620 - INFO:   Returns shape: (517,)
2025-05-01 10:05:11,620 - INFO:   Covariance matrix shape: (517, 517)
2025-05-01 10:05:11,621 - INFO:   Emissions shape: (517,)
2025-05-01 10:05:11,621 - INFO:   Market cap shape: (517,)
2025-05-01 10:05:11,621 - INFO:   Carbon limit: 170.70475284692097
2025-05-01 10:05:11,621 - INFO: Optimization - Number of filtered companies: 517
2025-05-01 10:05:11,621 - INFO: Optimization - Expected returns length: 517
2025-05-01 10:05:11,621 - INFO: Optimization - Covariance matrix shape: (517, 517)
2025-05-01 10:05:11,621 - INFO: Optimization - Emissions length: 517
2025-05-01 10:05:11,621 - INFO: Optimization - Market caps length: 517
2025-05-01 10:05:11,887 - INFO: Optimization successful using ECOS. Final weights length: 517
2025-05-01 10:05:11,889 - INFO: Carbon footprint calculation - Filtered companies count: 517
2025-05-01 10:05:11,889 - INFO: Carbon footprint calculation - Input weights length: 517
2025-05-01 10:05:12,366 - INFO: VW Carbon Portfolio optimization for year 2014:
2025-05-01 10:05:12,366 - INFO:   VW weights shape: (517,)
2025-05-01 10:05:12,366 - INFO:   Covariance matrix shape: (517, 517)
2025-05-01 10:05:12,366 - INFO:   Emissions shape: (517,)
2025-05-01 10:05:12,366 - INFO:   Market cap shape: (517,)
2025-05-01 10:05:12,366 - INFO:   Carbon limit: 92.38793661363293
2025-05-01 10:05:12,366 - INFO: Optimization - Number of filtered companies: 517
2025-05-01 10:05:12,366 - INFO: Optimization - Expected returns length: 517
2025-05-01 10:05:12,366 - INFO: Optimization - Covariance matrix shape: (517, 517)
2025-05-01 10:05:12,366 - INFO: Optimization - Emissions length: 517
2025-05-01 10:05:12,366 - INFO: Optimization - Market caps length: 517
2025-05-01 10:05:12,634 - INFO: Optimization successful using ECOS. Final weights length: 517
2025-05-01 10:05:12,634 - INFO: Carbon footprint calculation - Filtered companies count: 517
2025-05-01 10:05:12,634 - INFO: Carbon footprint calculation - Input weights length: 517
2025-05-01 10:05:13,101 - INFO: Net Zero Portfolio optimization for year 2014:
2025-05-01 10:05:13,101 - INFO:   VW weights shape: (517,)
2025-05-01 10:05:13,101 - INFO:   Covariance matrix shape: (517, 517)
2025-05-01 10:05:13,101 - INFO:   Emissions shape: (517,)
2025-05-01 10:05:13,101 - INFO:   Market cap shape: (517,)
2025-05-01 10:05:13,101 - INFO:   Carbon limit: 222.47262226122012
2025-05-01 10:05:13,101 - INFO: Optimization - Number of filtered companies: 517
2025-05-01 10:05:13,101 - INFO: Optimization - Expected returns length: 517
2025-05-01 10:05:13,101 - INFO: Optimization - Covariance matrix shape: (517, 517)
2025-05-01 10:05:13,101 - INFO: Optimization - Emissions length: 517
2025-05-01 10:05:13,101 - INFO: Optimization - Market caps length: 517
2025-05-01 10:05:13,328 - INFO: Optimization successful using ECOS. Final weights length: 517
2025-05-01 10:05:13,329 - INFO: Carbon footprint calculation - Filtered companies count: 517
2025-05-01 10:05:13,329 - INFO: Carbon footprint calculation - Input weights length: 517
2025-05-01 10:05:13,676 - INFO: Carbon footprint calculation - Filtered companies count: 517
2025-05-01 10:05:13,676 - INFO: Carbon footprint calculation - Input weights length: 517
2025-05-01 10:05:14,014 - INFO: Carbon footprint calculation - Filtered companies count: 517
2025-05-01 10:05:14,014 - INFO: Carbon footprint calculation - Input weights length: 517
2025-05-01 10:05:14,470 - INFO: MV Carbon Portfolio optimization for year 2015:
2025-05-01 10:05:14,470 - INFO:   Returns shape: (517,)
2025-05-01 10:05:14,470 - INFO:   Covariance matrix shape: (517, 517)
2025-05-01 10:05:14,470 - INFO:   Emissions shape: (517,)
2025-05-01 10:05:14,470 - INFO:   Market cap shape: (517,)
2025-05-01 10:05:14,470 - INFO:   Carbon limit: 185.3058812875079
2025-05-01 10:05:14,470 - INFO: Optimization - Number of filtered companies: 517
2025-05-01 10:05:14,470 - INFO: Optimization - Expected returns length: 517
2025-05-01 10:05:14,470 - INFO: Optimization - Covariance matrix shape: (517, 517)
2025-05-01 10:05:14,470 - INFO: Optimization - Emissions length: 517
2025-05-01 10:05:14,470 - INFO: Optimization - Market caps length: 517
2025-05-01 10:05:14,696 - INFO: Optimization successful using ECOS. Final weights length: 517
2025-05-01 10:05:14,697 - INFO: Carbon footprint calculation - Filtered companies count: 517
2025-05-01 10:05:14,697 - INFO: Carbon footprint calculation - Input weights length: 517
2025-05-01 10:05:15,191 - INFO: VW Carbon Portfolio optimization for year 2015:
2025-05-01 10:05:15,191 - INFO:   VW weights shape: (517,)
2025-05-01 10:05:15,191 - INFO:   Covariance matrix shape: (517, 517)
2025-05-01 10:05:15,191 - INFO:   Emissions shape: (517,)
2025-05-01 10:05:15,191 - INFO:   Market cap shape: (517,)
2025-05-01 10:05:15,191 - INFO:   Carbon limit: 94.7998850228807
2025-05-01 10:05:15,191 - INFO: Optimization - Number of filtered companies: 517
2025-05-01 10:05:15,191 - INFO: Optimization - Expected returns length: 517
2025-05-01 10:05:15,191 - INFO: Optimization - Covariance matrix shape: (517, 517)
2025-05-01 10:05:15,191 - INFO: Optimization - Emissions length: 517
2025-05-01 10:05:15,191 - INFO: Optimization - Market caps length: 517
2025-05-01 10:05:15,426 - INFO: Optimization successful using ECOS. Final weights length: 517
2025-05-01 10:05:15,426 - INFO: Carbon footprint calculation - Filtered companies count: 517
2025-05-01 10:05:15,426 - INFO: Carbon footprint calculation - Input weights length: 517
2025-05-01 10:05:15,884 - INFO: Net Zero Portfolio optimization for year 2015:
2025-05-01 10:05:15,884 - INFO:   VW weights shape: (517,)
2025-05-01 10:05:15,884 - INFO:   Covariance matrix shape: (517, 517)
2025-05-01 10:05:15,884 - INFO:   Emissions shape: (517,)
2025-05-01 10:05:15,884 - INFO:   Market cap shape: (517,)
2025-05-01 10:05:15,884 - INFO:   Carbon limit: 200.22536003509813
2025-05-01 10:05:15,885 - INFO: Optimization - Number of filtered companies: 517
2025-05-01 10:05:15,885 - INFO: Optimization - Expected returns length: 517
2025-05-01 10:05:15,885 - INFO: Optimization - Covariance matrix shape: (517, 517)
2025-05-01 10:05:15,885 - INFO: Optimization - Emissions length: 517
2025-05-01 10:05:15,885 - INFO: Optimization - Market caps length: 517
2025-05-01 10:05:16,140 - INFO: Optimization successful using ECOS. Final weights length: 517
2025-05-01 10:05:16,140 - INFO: Carbon footprint calculation - Filtered companies count: 517
2025-05-01 10:05:16,140 - INFO: Carbon footprint calculation - Input weights length: 517
2025-05-01 10:05:16,477 - INFO: Carbon footprint calculation - Filtered companies count: 517
2025-05-01 10:05:16,477 - INFO: Carbon footprint calculation - Input weights length: 517
2025-05-01 10:05:16,806 - INFO: Carbon footprint calculation - Filtered companies count: 517
2025-05-01 10:05:16,807 - INFO: Carbon footprint calculation - Input weights length: 517
2025-05-01 10:05:17,307 - INFO: MV Carbon Portfolio optimization for year 2016:
2025-05-01 10:05:17,307 - INFO:   Returns shape: (517,)
2025-05-01 10:05:17,307 - INFO:   Covariance matrix shape: (517, 517)
2025-05-01 10:05:17,307 - INFO:   Emissions shape: (517,)
2025-05-01 10:05:17,307 - INFO:   Market cap shape: (517,)
2025-05-01 10:05:17,307 - INFO:   Carbon limit: 201.98086327468704
2025-05-01 10:05:17,307 - INFO: Optimization - Number of filtered companies: 517
2025-05-01 10:05:17,307 - INFO: Optimization - Expected returns length: 517
2025-05-01 10:05:17,307 - INFO: Optimization - Covariance matrix shape: (517, 517)
2025-05-01 10:05:17,307 - INFO: Optimization - Emissions length: 517
2025-05-01 10:05:17,307 - INFO: Optimization - Market caps length: 517
2025-05-01 10:05:17,557 - INFO: Optimization successful using ECOS. Final weights length: 517
2025-05-01 10:05:17,558 - INFO: Carbon footprint calculation - Filtered companies count: 517
2025-05-01 10:05:17,558 - INFO: Carbon footprint calculation - Input weights length: 517
2025-05-01 10:05:18,045 - INFO: VW Carbon Portfolio optimization for year 2016:
2025-05-01 10:05:18,045 - INFO:   VW weights shape: (517,)
2025-05-01 10:05:18,045 - INFO:   Covariance matrix shape: (517, 517)
2025-05-01 10:05:18,045 - INFO:   Emissions shape: (517,)
2025-05-01 10:05:18,045 - INFO:   Market cap shape: (517,)
2025-05-01 10:05:18,045 - INFO:   Carbon limit: 103.71185028978017
2025-05-01 10:05:18,045 - INFO: Optimization - Number of filtered companies: 517
2025-05-01 10:05:18,045 - INFO: Optimization - Expected returns length: 517
2025-05-01 10:05:18,045 - INFO: Optimization - Covariance matrix shape: (517, 517)
2025-05-01 10:05:18,045 - INFO: Optimization - Emissions length: 517
2025-05-01 10:05:18,045 - INFO: Optimization - Market caps length: 517
2025-05-01 10:05:18,293 - INFO: Optimization successful using ECOS. Final weights length: 517
2025-05-01 10:05:18,294 - INFO: Carbon footprint calculation - Filtered companies count: 517
2025-05-01 10:05:18,294 - INFO: Carbon footprint calculation - Input weights length: 517
2025-05-01 10:05:18,741 - INFO: Net Zero Portfolio optimization for year 2016:
2025-05-01 10:05:18,741 - INFO:   VW weights shape: (517,)
2025-05-01 10:05:18,741 - INFO:   Covariance matrix shape: (517, 517)
2025-05-01 10:05:18,741 - INFO:   Emissions shape: (517,)
2025-05-01 10:05:18,741 - INFO:   Market cap shape: (517,)
2025-05-01 10:05:18,741 - INFO:   Carbon limit: 180.20282403158834
2025-05-01 10:05:18,741 - INFO: Optimization - Number of filtered companies: 517
2025-05-01 10:05:18,741 - INFO: Optimization - Expected returns length: 517
2025-05-01 10:05:18,741 - INFO: Optimization - Covariance matrix shape: (517, 517)
2025-05-01 10:05:18,741 - INFO: Optimization - Emissions length: 517
2025-05-01 10:05:18,741 - INFO: Optimization - Market caps length: 517
2025-05-01 10:05:18,975 - INFO: Optimization successful using ECOS. Final weights length: 517
2025-05-01 10:05:18,975 - INFO: Carbon footprint calculation - Filtered companies count: 517
2025-05-01 10:05:18,975 - INFO: Carbon footprint calculation - Input weights length: 517
2025-05-01 10:05:19,323 - INFO: Carbon footprint calculation - Filtered companies count: 517
2025-05-01 10:05:19,323 - INFO: Carbon footprint calculation - Input weights length: 517
2025-05-01 10:05:19,629 - INFO: Carbon footprint calculation - Filtered companies count: 517
2025-05-01 10:05:19,629 - INFO: Carbon footprint calculation - Input weights length: 517
2025-05-01 10:05:20,104 - INFO: MV Carbon Portfolio optimization for year 2017:
2025-05-01 10:05:20,104 - INFO:   Returns shape: (517,)
2025-05-01 10:05:20,104 - INFO:   Covariance matrix shape: (517, 517)
2025-05-01 10:05:20,104 - INFO:   Emissions shape: (517,)
2025-05-01 10:05:20,104 - INFO:   Market cap shape: (517,)
2025-05-01 10:05:20,104 - INFO:   Carbon limit: 180.57707819379658
2025-05-01 10:05:20,104 - INFO: Optimization - Number of filtered companies: 517
2025-05-01 10:05:20,104 - INFO: Optimization - Expected returns length: 517
2025-05-01 10:05:20,104 - INFO: Optimization - Covariance matrix shape: (517, 517)
2025-05-01 10:05:20,104 - INFO: Optimization - Emissions length: 517
2025-05-01 10:05:20,104 - INFO: Optimization - Market caps length: 517
2025-05-01 10:05:20,366 - INFO: Optimization successful using ECOS. Final weights length: 517
2025-05-01 10:05:20,367 - INFO: Carbon footprint calculation - Filtered companies count: 517
2025-05-01 10:05:20,367 - INFO: Carbon footprint calculation - Input weights length: 517
2025-05-01 10:05:20,831 - INFO: VW Carbon Portfolio optimization for year 2017:
2025-05-01 10:05:20,831 - INFO:   VW weights shape: (517,)
2025-05-01 10:05:20,831 - INFO:   Covariance matrix shape: (517, 517)
2025-05-01 10:05:20,831 - INFO:   Emissions shape: (517,)
2025-05-01 10:05:20,831 - INFO:   Market cap shape: (517,)
2025-05-01 10:05:20,831 - INFO:   Carbon limit: 93.24890665095526
2025-05-01 10:05:20,831 - INFO: Optimization - Number of filtered companies: 517
2025-05-01 10:05:20,831 - INFO: Optimization - Expected returns length: 517
2025-05-01 10:05:20,831 - INFO: Optimization - Covariance matrix shape: (517, 517)
2025-05-01 10:05:20,831 - INFO: Optimization - Emissions length: 517
2025-05-01 10:05:20,831 - INFO: Optimization - Market caps length: 517
2025-05-01 10:05:21,040 - INFO: Optimization successful using ECOS. Final weights length: 517
2025-05-01 10:05:21,041 - INFO: Carbon footprint calculation - Filtered companies count: 517
2025-05-01 10:05:21,041 - INFO: Carbon footprint calculation - Input weights length: 517
2025-05-01 10:05:21,518 - INFO: Net Zero Portfolio optimization for year 2017:
2025-05-01 10:05:21,518 - INFO:   VW weights shape: (517,)
2025-05-01 10:05:21,518 - INFO:   Covariance matrix shape: (517, 517)
2025-05-01 10:05:21,518 - INFO:   Emissions shape: (517,)
2025-05-01 10:05:21,518 - INFO:   Market cap shape: (517,)
2025-05-01 10:05:21,518 - INFO:   Carbon limit: 162.18254162842948
2025-05-01 10:05:21,518 - INFO: Optimization - Number of filtered companies: 517
2025-05-01 10:05:21,518 - INFO: Optimization - Expected returns length: 517
2025-05-01 10:05:21,518 - INFO: Optimization - Covariance matrix shape: (517, 517)
2025-05-01 10:05:21,518 - INFO: Optimization - Emissions length: 517
2025-05-01 10:05:21,518 - INFO: Optimization - Market caps length: 517
2025-05-01 10:05:21,741 - INFO: Optimization successful using ECOS. Final weights length: 517
2025-05-01 10:05:21,742 - INFO: Carbon footprint calculation - Filtered companies count: 517
2025-05-01 10:05:21,742 - INFO: Carbon footprint calculation - Input weights length: 517
2025-05-01 10:05:22,103 - INFO: Carbon footprint calculation - Filtered companies count: 517
2025-05-01 10:05:22,103 - INFO: Carbon footprint calculation - Input weights length: 517
2025-05-01 10:05:22,425 - INFO: Carbon footprint calculation - Filtered companies count: 517
2025-05-01 10:05:22,425 - INFO: Carbon footprint calculation - Input weights length: 517
2025-05-01 10:05:22,909 - INFO: MV Carbon Portfolio optimization for year 2018:
2025-05-01 10:05:22,909 - INFO:   Returns shape: (517,)
2025-05-01 10:05:22,909 - INFO:   Covariance matrix shape: (517, 517)
2025-05-01 10:05:22,909 - INFO:   Emissions shape: (517,)
2025-05-01 10:05:22,909 - INFO:   Market cap shape: (517,)
2025-05-01 10:05:22,909 - INFO:   Carbon limit: 186.63673208132627
2025-05-01 10:05:22,909 - INFO: Optimization - Number of filtered companies: 517
2025-05-01 10:05:22,909 - INFO: Optimization - Expected returns length: 517
2025-05-01 10:05:22,909 - INFO: Optimization - Covariance matrix shape: (517, 517)
2025-05-01 10:05:22,909 - INFO: Optimization - Emissions length: 517
2025-05-01 10:05:22,909 - INFO: Optimization - Market caps length: 517
2025-05-01 10:05:23,177 - INFO: Optimization successful using ECOS. Final weights length: 517
2025-05-01 10:05:23,178 - INFO: Carbon footprint calculation - Filtered companies count: 517
2025-05-01 10:05:23,178 - INFO: Carbon footprint calculation - Input weights length: 517
2025-05-01 10:05:23,663 - INFO: VW Carbon Portfolio optimization for year 2018:
2025-05-01 10:05:23,663 - INFO:   VW weights shape: (517,)
2025-05-01 10:05:23,663 - INFO:   Covariance matrix shape: (517, 517)
2025-05-01 10:05:23,663 - INFO:   Emissions shape: (517,)
2025-05-01 10:05:23,663 - INFO:   Market cap shape: (517,)
2025-05-01 10:05:23,663 - INFO:   Carbon limit: 75.45837094203985
2025-05-01 10:05:23,663 - INFO: Optimization - Number of filtered companies: 517
2025-05-01 10:05:23,663 - INFO: Optimization - Expected returns length: 517
2025-05-01 10:05:23,663 - INFO: Optimization - Covariance matrix shape: (517, 517)
2025-05-01 10:05:23,663 - INFO: Optimization - Emissions length: 517
2025-05-01 10:05:23,663 - INFO: Optimization - Market caps length: 517
2025-05-01 10:05:23,882 - INFO: Optimization successful using ECOS. Final weights length: 517
2025-05-01 10:05:23,882 - INFO: Carbon footprint calculation - Filtered companies count: 517
2025-05-01 10:05:23,882 - INFO: Carbon footprint calculation - Input weights length: 517
2025-05-01 10:05:24,383 - INFO: Net Zero Portfolio optimization for year 2018:
2025-05-01 10:05:24,383 - INFO:   VW weights shape: (517,)
2025-05-01 10:05:24,383 - INFO:   Covariance matrix shape: (517, 517)
2025-05-01 10:05:24,383 - INFO:   Emissions shape: (517,)
2025-05-01 10:05:24,383 - INFO:   Market cap shape: (517,)
2025-05-01 10:05:24,383 - INFO:   Carbon limit: 145.96428746558655
2025-05-01 10:05:24,383 - INFO: Optimization - Number of filtered companies: 517
2025-05-01 10:05:24,383 - INFO: Optimization - Expected returns length: 517
2025-05-01 10:05:24,383 - INFO: Optimization - Covariance matrix shape: (517, 517)
2025-05-01 10:05:24,383 - INFO: Optimization - Emissions length: 517
2025-05-01 10:05:24,383 - INFO: Optimization - Market caps length: 517
2025-05-01 10:05:24,623 - INFO: Optimization successful using ECOS. Final weights length: 517
2025-05-01 10:05:24,624 - INFO: Carbon footprint calculation - Filtered companies count: 517
2025-05-01 10:05:24,624 - INFO: Carbon footprint calculation - Input weights length: 517
2025-05-01 10:05:24,939 - INFO: Carbon footprint calculation - Filtered companies count: 517
2025-05-01 10:05:24,939 - INFO: Carbon footprint calculation - Input weights length: 517
2025-05-01 10:05:25,248 - INFO: Carbon footprint calculation - Filtered companies count: 517
2025-05-01 10:05:25,248 - INFO: Carbon footprint calculation - Input weights length: 517
2025-05-01 10:05:25,756 - INFO: MV Carbon Portfolio optimization for year 2019:
2025-05-01 10:05:25,756 - INFO:   Returns shape: (517,)
2025-05-01 10:05:25,756 - INFO:   Covariance matrix shape: (517, 517)
2025-05-01 10:05:25,756 - INFO:   Emissions shape: (517,)
2025-05-01 10:05:25,756 - INFO:   Market cap shape: (517,)
2025-05-01 10:05:25,756 - INFO:   Carbon limit: 123.13191017660576
2025-05-01 10:05:25,756 - INFO: Optimization - Number of filtered companies: 517
2025-05-01 10:05:25,756 - INFO: Optimization - Expected returns length: 517
2025-05-01 10:05:25,756 - INFO: Optimization - Covariance matrix shape: (517, 517)
2025-05-01 10:05:25,756 - INFO: Optimization - Emissions length: 517
2025-05-01 10:05:25,756 - INFO: Optimization - Market caps length: 517
2025-05-01 10:05:25,976 - INFO: Optimization successful using ECOS. Final weights length: 517
2025-05-01 10:05:25,976 - INFO: Carbon footprint calculation - Filtered companies count: 517
2025-05-01 10:05:25,976 - INFO: Carbon footprint calculation - Input weights length: 517
2025-05-01 10:05:26,473 - INFO: VW Carbon Portfolio optimization for year 2019:
2025-05-01 10:05:26,474 - INFO:   VW weights shape: (517,)
2025-05-01 10:05:26,474 - INFO:   Covariance matrix shape: (517, 517)
2025-05-01 10:05:26,474 - INFO:   Emissions shape: (517,)
2025-05-01 10:05:26,474 - INFO:   Market cap shape: (517,)
2025-05-01 10:05:26,474 - INFO:   Carbon limit: 77.18110150256378
2025-05-01 10:05:26,474 - INFO: Optimization - Number of filtered companies: 517
2025-05-01 10:05:26,474 - INFO: Optimization - Expected returns length: 517
2025-05-01 10:05:26,474 - INFO: Optimization - Covariance matrix shape: (517, 517)
2025-05-01 10:05:26,474 - INFO: Optimization - Emissions length: 517
2025-05-01 10:05:26,474 - INFO: Optimization - Market caps length: 517
2025-05-01 10:05:26,703 - INFO: Optimization successful using ECOS. Final weights length: 517
2025-05-01 10:05:26,703 - INFO: Carbon footprint calculation - Filtered companies count: 517
2025-05-01 10:05:26,703 - INFO: Carbon footprint calculation - Input weights length: 517
2025-05-01 10:05:27,198 - INFO: Net Zero Portfolio optimization for year 2019:
2025-05-01 10:05:27,198 - INFO:   VW weights shape: (517,)
2025-05-01 10:05:27,198 - INFO:   Covariance matrix shape: (517, 517)
2025-05-01 10:05:27,198 - INFO:   Emissions shape: (517,)
2025-05-01 10:05:27,198 - INFO:   Market cap shape: (517,)
2025-05-01 10:05:27,198 - INFO:   Carbon limit: 131.36785871902788
2025-05-01 10:05:27,198 - INFO: Optimization - Number of filtered companies: 517
2025-05-01 10:05:27,198 - INFO: Optimization - Expected returns length: 517
2025-05-01 10:05:27,198 - INFO: Optimization - Covariance matrix shape: (517, 517)
2025-05-01 10:05:27,198 - INFO: Optimization - Emissions length: 517
2025-05-01 10:05:27,198 - INFO: Optimization - Market caps length: 517
2025-05-01 10:05:27,437 - INFO: Optimization successful using ECOS. Final weights length: 517
2025-05-01 10:05:27,437 - INFO: Carbon footprint calculation - Filtered companies count: 517
2025-05-01 10:05:27,438 - INFO: Carbon footprint calculation - Input weights length: 517
2025-05-01 10:05:27,770 - INFO: Carbon footprint calculation - Filtered companies count: 517
2025-05-01 10:05:27,770 - INFO: Carbon footprint calculation - Input weights length: 517
2025-05-01 10:05:28,151 - INFO: Carbon footprint calculation - Filtered companies count: 517
2025-05-01 10:05:28,151 - INFO: Carbon footprint calculation - Input weights length: 517
2025-05-01 10:05:28,649 - INFO: MV Carbon Portfolio optimization for year 2020:
2025-05-01 10:05:28,649 - INFO:   Returns shape: (517,)
2025-05-01 10:05:28,649 - INFO:   Covariance matrix shape: (517, 517)
2025-05-01 10:05:28,649 - INFO:   Emissions shape: (517,)
2025-05-01 10:05:28,649 - INFO:   Market cap shape: (517,)
2025-05-01 10:05:28,649 - INFO:   Carbon limit: 159.50367317052215
2025-05-01 10:05:28,649 - INFO: Optimization - Number of filtered companies: 517
2025-05-01 10:05:28,649 - INFO: Optimization - Expected returns length: 517
2025-05-01 10:05:28,649 - INFO: Optimization - Covariance matrix shape: (517, 517)
2025-05-01 10:05:28,649 - INFO: Optimization - Emissions length: 517
2025-05-01 10:05:28,649 - INFO: Optimization - Market caps length: 517
2025-05-01 10:05:28,902 - INFO: Optimization successful using ECOS. Final weights length: 517
2025-05-01 10:05:28,903 - INFO: Carbon footprint calculation - Filtered companies count: 517
2025-05-01 10:05:28,903 - INFO: Carbon footprint calculation - Input weights length: 517
2025-05-01 10:05:29,429 - INFO: VW Carbon Portfolio optimization for year 2020:
2025-05-01 10:05:29,429 - INFO:   VW weights shape: (517,)
2025-05-01 10:05:29,429 - INFO:   Covariance matrix shape: (517, 517)
2025-05-01 10:05:29,429 - INFO:   Emissions shape: (517,)
2025-05-01 10:05:29,429 - INFO:   Market cap shape: (517,)
2025-05-01 10:05:29,429 - INFO:   Carbon limit: 68.10852963175104
2025-05-01 10:05:29,429 - INFO: Optimization - Number of filtered companies: 517
2025-05-01 10:05:29,429 - INFO: Optimization - Expected returns length: 517
2025-05-01 10:05:29,429 - INFO: Optimization - Covariance matrix shape: (517, 517)
2025-05-01 10:05:29,429 - INFO: Optimization - Emissions length: 517
2025-05-01 10:05:29,429 - INFO: Optimization - Market caps length: 517
2025-05-01 10:05:29,691 - INFO: Optimization successful using ECOS. Final weights length: 517
2025-05-01 10:05:29,691 - INFO: Carbon footprint calculation - Filtered companies count: 517
2025-05-01 10:05:29,691 - INFO: Carbon footprint calculation - Input weights length: 517
2025-05-01 10:05:30,171 - INFO: Net Zero Portfolio optimization for year 2020:
2025-05-01 10:05:30,171 - INFO:   VW weights shape: (517,)
2025-05-01 10:05:30,171 - INFO:   Covariance matrix shape: (517, 517)
2025-05-01 10:05:30,171 - INFO:   Emissions shape: (517,)
2025-05-01 10:05:30,171 - INFO:   Market cap shape: (517,)
2025-05-01 10:05:30,171 - INFO:   Carbon limit: 118.2310728471251
2025-05-01 10:05:30,171 - INFO: Optimization - Number of filtered companies: 517
2025-05-01 10:05:30,171 - INFO: Optimization - Expected returns length: 517
2025-05-01 10:05:30,171 - INFO: Optimization - Covariance matrix shape: (517, 517)
2025-05-01 10:05:30,171 - INFO: Optimization - Emissions length: 517
2025-05-01 10:05:30,171 - INFO: Optimization - Market caps length: 517
2025-05-01 10:05:30,448 - INFO: Optimization successful using ECOS. Final weights length: 517
2025-05-01 10:05:30,448 - INFO: Carbon footprint calculation - Filtered companies count: 517
2025-05-01 10:05:30,448 - INFO: Carbon footprint calculation - Input weights length: 517
2025-05-01 10:05:30,785 - INFO: Carbon footprint calculation - Filtered companies count: 517
2025-05-01 10:05:30,785 - INFO: Carbon footprint calculation - Input weights length: 517
2025-05-01 10:05:31,103 - INFO: Carbon footprint calculation - Filtered companies count: 517
2025-05-01 10:05:31,103 - INFO: Carbon footprint calculation - Input weights length: 517
2025-05-01 10:05:31,628 - INFO: MV Carbon Portfolio optimization for year 2021:
2025-05-01 10:05:31,628 - INFO:   Returns shape: (517,)
2025-05-01 10:05:31,628 - INFO:   Covariance matrix shape: (517, 517)
2025-05-01 10:05:31,628 - INFO:   Emissions shape: (517,)
2025-05-01 10:05:31,628 - INFO:   Market cap shape: (517,)
2025-05-01 10:05:31,628 - INFO:   Carbon limit: 130.04373145316308
2025-05-01 10:05:31,628 - INFO: Optimization - Number of filtered companies: 517
2025-05-01 10:05:31,628 - INFO: Optimization - Expected returns length: 517
2025-05-01 10:05:31,628 - INFO: Optimization - Covariance matrix shape: (517, 517)
2025-05-01 10:05:31,628 - INFO: Optimization - Emissions length: 517
2025-05-01 10:05:31,628 - INFO: Optimization - Market caps length: 517
2025-05-01 10:05:31,862 - INFO: Optimization successful using ECOS. Final weights length: 517
2025-05-01 10:05:31,862 - INFO: Carbon footprint calculation - Filtered companies count: 517
2025-05-01 10:05:31,862 - INFO: Carbon footprint calculation - Input weights length: 517
2025-05-01 10:05:32,344 - INFO: VW Carbon Portfolio optimization for year 2021:
2025-05-01 10:05:32,344 - INFO:   VW weights shape: (517,)
2025-05-01 10:05:32,344 - INFO:   Covariance matrix shape: (517, 517)
2025-05-01 10:05:32,344 - INFO:   Emissions shape: (517,)
2025-05-01 10:05:32,344 - INFO:   Market cap shape: (517,)
2025-05-01 10:05:32,344 - INFO:   Carbon limit: 62.11610729656648
2025-05-01 10:05:32,344 - INFO: Optimization - Number of filtered companies: 517
2025-05-01 10:05:32,344 - INFO: Optimization - Expected returns length: 517
2025-05-01 10:05:32,344 - INFO: Optimization - Covariance matrix shape: (517, 517)
2025-05-01 10:05:32,344 - INFO: Optimization - Emissions length: 517
2025-05-01 10:05:32,344 - INFO: Optimization - Market caps length: 517
2025-05-01 10:05:32,582 - INFO: Optimization successful using ECOS. Final weights length: 517
2025-05-01 10:05:32,583 - INFO: Carbon footprint calculation - Filtered companies count: 517
2025-05-01 10:05:32,583 - INFO: Carbon footprint calculation - Input weights length: 517
2025-05-01 10:05:33,079 - INFO: Net Zero Portfolio optimization for year 2021:
2025-05-01 10:05:33,079 - INFO:   VW weights shape: (517,)
2025-05-01 10:05:33,079 - INFO:   Covariance matrix shape: (517, 517)
2025-05-01 10:05:33,080 - INFO:   Emissions shape: (517,)
2025-05-01 10:05:33,080 - INFO:   Market cap shape: (517,)
2025-05-01 10:05:33,080 - INFO:   Carbon limit: 106.4079655624126
2025-05-01 10:05:33,080 - INFO: Optimization - Number of filtered companies: 517
2025-05-01 10:05:33,080 - INFO: Optimization - Expected returns length: 517
2025-05-01 10:05:33,080 - INFO: Optimization - Covariance matrix shape: (517, 517)
2025-05-01 10:05:33,080 - INFO: Optimization - Emissions length: 517
2025-05-01 10:05:33,080 - INFO: Optimization - Market caps length: 517
2025-05-01 10:05:33,333 - INFO: Optimization successful using ECOS. Final weights length: 517
2025-05-01 10:05:33,334 - INFO: Carbon footprint calculation - Filtered companies count: 517
2025-05-01 10:05:33,334 - INFO: Carbon footprint calculation - Input weights length: 517
2025-05-01 10:05:33,691 - INFO: Carbon footprint calculation - Filtered companies count: 517
2025-05-01 10:05:33,691 - INFO: Carbon footprint calculation - Input weights length: 517
2025-05-01 10:05:33,999 - INFO: Carbon footprint calculation - Filtered companies count: 517
2025-05-01 10:05:34,000 - INFO: Carbon footprint calculation - Input weights length: 517
2025-05-01 10:05:34,495 - INFO: MV Carbon Portfolio optimization for year 2022:
2025-05-01 10:05:34,495 - INFO:   Returns shape: (517,)
2025-05-01 10:05:34,495 - INFO:   Covariance matrix shape: (517, 517)
2025-05-01 10:05:34,495 - INFO:   Emissions shape: (517,)
2025-05-01 10:05:34,495 - INFO:   Market cap shape: (517,)
2025-05-01 10:05:34,495 - INFO:   Carbon limit: 97.15157975208153
2025-05-01 10:05:34,495 - INFO: Optimization - Number of filtered companies: 517
2025-05-01 10:05:34,495 - INFO: Optimization - Expected returns length: 517
2025-05-01 10:05:34,495 - INFO: Optimization - Covariance matrix shape: (517, 517)
2025-05-01 10:05:34,496 - INFO: Optimization - Emissions length: 517
2025-05-01 10:05:34,496 - INFO: Optimization - Market caps length: 517
2025-05-01 10:05:34,757 - INFO: Optimization successful using ECOS. Final weights length: 517
2025-05-01 10:05:34,758 - INFO: Carbon footprint calculation - Filtered companies count: 517
2025-05-01 10:05:34,758 - INFO: Carbon footprint calculation - Input weights length: 517
2025-05-01 10:05:35,223 - INFO: VW Carbon Portfolio optimization for year 2022:
2025-05-01 10:05:35,224 - INFO:   VW weights shape: (517,)
2025-05-01 10:05:35,224 - INFO:   Covariance matrix shape: (517, 517)
2025-05-01 10:05:35,224 - INFO:   Emissions shape: (517,)
2025-05-01 10:05:35,224 - INFO:   Market cap shape: (517,)
2025-05-01 10:05:35,224 - INFO:   Carbon limit: 53.97429874207094
2025-05-01 10:05:35,224 - INFO: Optimization - Number of filtered companies: 517
2025-05-01 10:05:35,224 - INFO: Optimization - Expected returns length: 517
2025-05-01 10:05:35,224 - INFO: Optimization - Covariance matrix shape: (517, 517)
2025-05-01 10:05:35,224 - INFO: Optimization - Emissions length: 517
2025-05-01 10:05:35,224 - INFO: Optimization - Market caps length: 517
2025-05-01 10:05:35,481 - INFO: Optimization successful using ECOS. Final weights length: 517
2025-05-01 10:05:35,482 - INFO: Carbon footprint calculation - Filtered companies count: 517
2025-05-01 10:05:35,482 - INFO: Carbon footprint calculation - Input weights length: 517
2025-05-01 10:05:35,975 - INFO: Net Zero Portfolio optimization for year 2022:
2025-05-01 10:05:35,976 - INFO:   VW weights shape: (517,)
2025-05-01 10:05:35,976 - INFO:   Covariance matrix shape: (517, 517)
2025-05-01 10:05:35,976 - INFO:   Emissions shape: (517,)
2025-05-01 10:05:35,976 - INFO:   Market cap shape: (517,)
2025-05-01 10:05:35,976 - INFO:   Carbon limit: 95.76716900617134
2025-05-01 10:05:35,976 - INFO: Optimization - Number of filtered companies: 517
2025-05-01 10:05:35,976 - INFO: Optimization - Expected returns length: 517
2025-05-01 10:05:35,976 - INFO: Optimization - Covariance matrix shape: (517, 517)
2025-05-01 10:05:35,976 - INFO: Optimization - Emissions length: 517
2025-05-01 10:05:35,976 - INFO: Optimization - Market caps length: 517
2025-05-01 10:05:36,214 - INFO: Optimization successful using ECOS. Final weights length: 517
2025-05-01 10:05:36,214 - INFO: Carbon footprint calculation - Filtered companies count: 517
2025-05-01 10:05:36,214 - INFO: Carbon footprint calculation - Input weights length: 517
2025-05-01 10:05:36,537 - INFO: Carbon footprint calculation - Filtered companies count: 517
2025-05-01 10:05:36,537 - INFO: Carbon footprint calculation - Input weights length: 517
2025-05-01 10:05:36,844 - INFO: Carbon footprint calculation - Filtered companies count: 517
2025-05-01 10:05:36,845 - INFO: Carbon footprint calculation - Input weights length: 517
2025-05-01 10:05:37,349 - INFO: MV Carbon Portfolio optimization for year 2023:
2025-05-01 10:05:37,350 - INFO:   Returns shape: (517,)
2025-05-01 10:05:37,350 - INFO:   Covariance matrix shape: (517, 517)
2025-05-01 10:05:37,350 - INFO:   Emissions shape: (517,)
2025-05-01 10:05:37,350 - INFO:   Market cap shape: (517,)
2025-05-01 10:05:37,350 - INFO:   Carbon limit: 134.22315152482645
2025-05-01 10:05:37,350 - INFO: Optimization - Number of filtered companies: 517
2025-05-01 10:05:37,350 - INFO: Optimization - Expected returns length: 517
2025-05-01 10:05:37,350 - INFO: Optimization - Covariance matrix shape: (517, 517)
2025-05-01 10:05:37,350 - INFO: Optimization - Emissions length: 517
2025-05-01 10:05:37,350 - INFO: Optimization - Market caps length: 517
2025-05-01 10:05:37,577 - INFO: Optimization successful using ECOS. Final weights length: 517
2025-05-01 10:05:37,577 - INFO: Carbon footprint calculation - Filtered companies count: 517
2025-05-01 10:05:37,577 - INFO: Carbon footprint calculation - Input weights length: 517
2025-05-01 10:05:38,095 - INFO: VW Carbon Portfolio optimization for year 2023:
2025-05-01 10:05:38,095 - INFO:   VW weights shape: (517,)
2025-05-01 10:05:38,095 - INFO:   Covariance matrix shape: (517, 517)
2025-05-01 10:05:38,095 - INFO:   Emissions shape: (517,)
2025-05-01 10:05:38,095 - INFO:   Market cap shape: (517,)
2025-05-01 10:05:38,095 - INFO:   Carbon limit: 53.26560767637529
2025-05-01 10:05:38,095 - INFO: Optimization - Number of filtered companies: 517
2025-05-01 10:05:38,095 - INFO: Optimization - Expected returns length: 517
2025-05-01 10:05:38,095 - INFO: Optimization - Covariance matrix shape: (517, 517)
2025-05-01 10:05:38,095 - INFO: Optimization - Emissions length: 517
2025-05-01 10:05:38,095 - INFO: Optimization - Market caps length: 517
2025-05-01 10:05:38,309 - INFO: Optimization successful using ECOS. Final weights length: 517
2025-05-01 10:05:38,309 - INFO: Carbon footprint calculation - Filtered companies count: 517
2025-05-01 10:05:38,309 - INFO: Carbon footprint calculation - Input weights length: 517
2025-05-01 10:05:38,721 - INFO: Net Zero Portfolio optimization for year 2023:
2025-05-01 10:05:38,722 - INFO:   VW weights shape: (517,)
2025-05-01 10:05:38,722 - INFO:   Covariance matrix shape: (517, 517)
2025-05-01 10:05:38,722 - INFO:   Emissions shape: (517,)
2025-05-01 10:05:38,722 - INFO:   Market cap shape: (517,)
2025-05-01 10:05:38,722 - INFO:   Carbon limit: 86.19045210555421
2025-05-01 10:05:38,722 - INFO: Optimization - Number of filtered companies: 517
2025-05-01 10:05:38,722 - INFO: Optimization - Expected returns length: 517
2025-05-01 10:05:38,722 - INFO: Optimization - Covariance matrix shape: (517, 517)
2025-05-01 10:05:38,722 - INFO: Optimization - Emissions length: 517
2025-05-01 10:05:38,722 - INFO: Optimization - Market caps length: 517
2025-05-01 10:05:39,031 - INFO: Optimization successful using ECOS. Final weights length: 517
2025-05-01 10:05:39,031 - INFO: Carbon footprint calculation - Filtered companies count: 517
2025-05-01 10:05:39,031 - INFO: Carbon footprint calculation - Input weights length: 517
