2025-05-05 15:48:40,653 - INFO - ================================================================================
2025-05-05 15:48:40,653 - INFO - SUSTAINABILITY AWARE ASSET MANAGEMENT PROJECT
2025-05-05 15:48:40,653 - INFO - Group AK: Europe / Scope 1+2
2025-05-05 15:48:40,653 - INFO - ================================================================================
2025-05-05 15:48:40,653 - INFO - 
PART 1: Standard Asset Allocation
2025-05-05 15:48:40,653 - INFO - ----------------------------------------
2025-05-05 15:48:40,653 - INFO - Initializing data...
2025-05-05 15:48:40,653 - INFO - Starting data initialization...
2025-05-05 15:48:40,851 - WARNING - Found invalid regions: ['AMER' 'EM' 'PAC' 'Other' 'FRON' nan]
2025-05-05 15:48:40,852 - INFO - Found 640 European companies
2025-05-05 15:48:41,076 - INFO - Found carbon data for years: ['2013', '2014', '2015', '2016', '2017', '2018', '2019', '2020', '2021', '2022', '2023']
2025-05-05 15:48:41,079 - INFO - Missing data statistics for 640 companies:
2025-05-05 15:48:41,079 - INFO -   Companies with 0% missing: 375
2025-05-05 15:48:41,079 - INFO -   Companies with >0% and <=20.0% missing: 125
2025-05-05 15:48:41,079 - INFO -   Companies with >20.0% missing: 140
2025-05-05 15:48:41,121 - INFO - Processed Scope_1.xlsx: 500 valid, 140 failed
2025-05-05 15:48:41,328 - INFO - Found carbon data for years: ['2013', '2014', '2015', '2016', '2017', '2018', '2019', '2020', '2021', '2022', '2023']
2025-05-05 15:48:41,330 - INFO - Missing data statistics for 640 companies:
2025-05-05 15:48:41,330 - INFO -   Companies with 0% missing: 374
2025-05-05 15:48:41,330 - INFO -   Companies with >0% and <=20.0% missing: 126
2025-05-05 15:48:41,330 - INFO -   Companies with >20.0% missing: 140
2025-05-05 15:48:41,372 - INFO - Processed Scope_2.xlsx: 500 valid, 140 failed
2025-05-05 15:48:41,797 - INFO - Found revenue data for 26 years
2025-05-05 15:48:41,799 - INFO - Missing data statistics for 640 companies:
2025-05-05 15:48:41,799 - INFO -   Companies with 0% missing: 636
2025-05-05 15:48:41,799 - INFO -   Companies with >0% and <=20.0% missing: 1
2025-05-05 15:48:41,799 - INFO -   Companies with >20.0% missing: 3
2025-05-05 15:48:41,833 - INFO - Processed DS_REV_USD_Y.xlsx: 637 valid, 3 failed
2025-05-05 15:48:46,391 - INFO - Missing price data statistics for 640 companies:
2025-05-05 15:48:46,391 - INFO -   Companies with 0% missing: 548
2025-05-05 15:48:46,391 - INFO -   Companies with >0% and <=20.0% missing: 82
2025-05-05 15:48:46,391 - INFO -   Companies with >20.0% missing: 10
2025-05-05 15:48:46,420 - WARNING - Found 129 non-positive prices. Treated as NaN.
2025-05-05 15:48:46,422 - WARNING - Found 42 extreme returns (>100% or <-90%). Treated as NaN.
2025-05-05 15:48:46,435 - WARNING - Found invalid price data for 10 companies.
2025-05-05 15:48:47,977 - INFO - Companies valid across all datasets with sufficient emissions data: 499
2025-05-05 15:48:47,984 - INFO - Created failure report with 141 companies
2025-05-05 15:48:52,603 - INFO - Processed and saved: /Users/danieleparini/SAAM_Project_AK/Data/Filtered Data/DS_MV_T_USD_M.csv (499 rows)
2025-05-05 15:48:53,038 - INFO - Processed and saved: /Users/danieleparini/SAAM_Project_AK/Data/Filtered Data/DS_MV_T_USD_Y.csv (499 rows)
2025-05-05 15:48:57,632 - INFO - Processed and saved: /Users/danieleparini/SAAM_Project_AK/Data/Filtered Data/DS_RI_T_USD_M.csv (499 rows)
2025-05-05 15:48:58,063 - INFO - Processed and saved: /Users/danieleparini/SAAM_Project_AK/Data/Filtered Data/DS_RI_T_USD_Y.csv (499 rows)
2025-05-05 15:48:58,291 - INFO - Processed and saved: /Users/danieleparini/SAAM_Project_AK/Data/Filtered Data/Scope_1.csv (499 rows)
2025-05-05 15:48:58,496 - INFO - Processed and saved: /Users/danieleparini/SAAM_Project_AK/Data/Filtered Data/Scope_2.csv (499 rows)
2025-05-05 15:48:58,948 - INFO - Processed and saved: /Users/danieleparini/SAAM_Project_AK/Data/Filtered Data/DS_REV_USD_Y.csv (499 rows)
2025-05-05 15:48:58,972 - WARNING - Found 5 non-positive prices. Treated as NaN.
2025-05-05 15:48:58,974 - WARNING - Found 23 extreme returns (>100% or <-90%). Treated as NaN.
2025-05-05 15:48:59,088 - INFO - Simple returns calculated and saved
2025-05-05 15:48:59,089 - INFO - Data initialization complete
2025-05-05 15:48:59,089 - INFO - 
Computing minimum variance portfolio...
2025-05-05 15:48:59,089 - INFO - returns_df shape: (499, 303)
2025-05-05 15:48:59,096 - INFO - returns_df date range: 2000-01-31 00:00:00 to 2025-01-31 00:00:00
2025-05-05 15:48:59,100 - INFO - Optimizing for 2013-12
2025-05-05 15:48:59,149 - INFO - Adding regularization to ensure positive definite covariance matrix
2025-05-05 15:49:00,081 - INFO -   Non-zero weights: 20/499
2025-05-05 15:49:00,082 - INFO -   Max weight: 0.5693
2025-05-05 15:49:00,082 - INFO - Optimizing for 2014-12
2025-05-05 15:49:00,128 - INFO - Adding regularization to ensure positive definite covariance matrix
2025-05-05 15:49:00,942 - INFO -   Non-zero weights: 26/499
2025-05-05 15:49:00,942 - INFO -   Max weight: 0.2878
2025-05-05 15:49:00,942 - INFO - Optimizing for 2015-12
2025-05-05 15:49:00,988 - INFO - Adding regularization to ensure positive definite covariance matrix
2025-05-05 15:49:01,781 - INFO -   Non-zero weights: 23/499
2025-05-05 15:49:01,781 - INFO -   Max weight: 0.2037
2025-05-05 15:49:01,782 - INFO - Optimizing for 2016-12
2025-05-05 15:49:01,828 - INFO - Adding regularization to ensure positive definite covariance matrix
2025-05-05 15:49:02,616 - INFO -   Non-zero weights: 21/499
2025-05-05 15:49:02,616 - INFO -   Max weight: 0.1649
2025-05-05 15:49:02,616 - INFO - Optimizing for 2017-12
2025-05-05 15:49:02,666 - INFO - Adding regularization to ensure positive definite covariance matrix
2025-05-05 15:49:03,451 - INFO -   Non-zero weights: 21/499
2025-05-05 15:49:03,451 - INFO -   Max weight: 0.1635
2025-05-05 15:49:03,451 - INFO - Optimizing for 2018-12
2025-05-05 15:49:03,498 - INFO - Adding regularization to ensure positive definite covariance matrix
2025-05-05 15:49:04,289 - INFO -   Non-zero weights: 22/499
2025-05-05 15:49:04,289 - INFO -   Max weight: 0.1345
2025-05-05 15:49:04,290 - INFO - Optimizing for 2019-12
2025-05-05 15:49:04,337 - INFO - Adding regularization to ensure positive definite covariance matrix
2025-05-05 15:49:05,111 - INFO -   Non-zero weights: 22/499
2025-05-05 15:49:05,112 - INFO -   Max weight: 0.1151
2025-05-05 15:49:05,112 - INFO - Optimizing for 2020-12
2025-05-05 15:49:05,161 - INFO - Adding regularization to ensure positive definite covariance matrix
2025-05-05 15:49:05,945 - INFO -   Non-zero weights: 26/499
2025-05-05 15:49:05,945 - INFO -   Max weight: 0.1828
2025-05-05 15:49:05,945 - INFO - Optimizing for 2021-12
2025-05-05 15:49:05,994 - INFO - Adding regularization to ensure positive definite covariance matrix
2025-05-05 15:49:06,771 - INFO -   Non-zero weights: 33/499
2025-05-05 15:49:06,771 - INFO -   Max weight: 0.1512
2025-05-05 15:49:06,771 - INFO - Optimizing for 2022-12
2025-05-05 15:49:06,822 - INFO - Adding regularization to ensure positive definite covariance matrix
2025-05-05 15:49:07,611 - INFO -   Non-zero weights: 28/499
2025-05-05 15:49:07,611 - INFO -   Max weight: 0.1480
2025-05-05 15:49:07,611 - INFO - Portfolio metrics calculated: Return=0.0130, Vol=0.1508, SR=0.0861
2025-05-05 15:49:07,614 - INFO - 
Minimum Variance Portfolio Results (P(mv)oos):
2025-05-05 15:49:07,614 - INFO - Annualized Return: 0.0130
2025-05-05 15:49:07,614 - INFO - Annualized Volatility: 0.1508
2025-05-05 15:49:07,614 - INFO - Sharpe Ratio: 0.0861
2025-05-05 15:49:07,614 - INFO - Minimum Return: -0.1240
2025-05-05 15:49:07,614 - INFO - Maximum Return: 0.1458
2025-05-05 15:49:07,614 - INFO - 
Computing value-weighted portfolio...
2025-05-05 15:49:07,614 - INFO - Starting value-weighted portfolio calculation...
2025-05-05 15:49:07,637 - INFO - Filtered returns data: 120 dates, 499 assets
2025-05-05 15:49:07,637 - INFO - Filtered market cap data: 121 dates, 499 assets
2025-05-05 15:49:07,638 - INFO - Using 2013-12-31 00:00:00 as rebalance date for year 2013
2025-05-05 15:49:07,638 - INFO - Using 2014-12-31 00:00:00 as rebalance date for year 2014
2025-05-05 15:49:07,638 - INFO - Using 2015-12-31 00:00:00 as rebalance date for year 2015
2025-05-05 15:49:07,639 - INFO - Using 2016-12-30 00:00:00 as rebalance date for year 2016
2025-05-05 15:49:07,639 - INFO - Using 2017-12-29 00:00:00 as rebalance date for year 2017
2025-05-05 15:49:07,639 - INFO - Using 2018-12-31 00:00:00 as rebalance date for year 2018
2025-05-05 15:49:07,640 - INFO - Using 2019-12-31 00:00:00 as rebalance date for year 2019
2025-05-05 15:49:07,640 - INFO - Using 2020-12-31 00:00:00 as rebalance date for year 2020
2025-05-05 15:49:07,640 - INFO - Using 2021-12-31 00:00:00 as rebalance date for year 2021
2025-05-05 15:49:07,640 - INFO - Using 2022-12-30 00:00:00 as rebalance date for year 2022
2025-05-05 15:49:07,640 - INFO - Using 2023-12-29 00:00:00 as final rebalance date
2025-05-05 15:49:07,640 - INFO - Processing period 2013-12-31 00:00:00 to 2014-12-31 00:00:00...
2025-05-05 15:49:07,641 - INFO - Using 499 assets with valid market caps for 2013-12-31 00:00:00
2025-05-05 15:49:07,657 - INFO - Processing period 2014-12-31 00:00:00 to 2015-12-31 00:00:00...
2025-05-05 15:49:07,657 - INFO - Using 499 assets with valid market caps for 2014-12-31 00:00:00
2025-05-05 15:49:07,672 - INFO - Processing period 2015-12-31 00:00:00 to 2016-12-30 00:00:00...
2025-05-05 15:49:07,673 - INFO - Using 499 assets with valid market caps for 2015-12-31 00:00:00
2025-05-05 15:49:07,688 - INFO - Processing period 2016-12-30 00:00:00 to 2017-12-29 00:00:00...
2025-05-05 15:49:07,688 - INFO - Using 499 assets with valid market caps for 2016-12-30 00:00:00
2025-05-05 15:49:07,704 - INFO - Processing period 2017-12-29 00:00:00 to 2018-12-31 00:00:00...
2025-05-05 15:49:07,704 - INFO - Using 499 assets with valid market caps for 2017-12-29 00:00:00
2025-05-05 15:49:07,720 - INFO - Processing period 2018-12-31 00:00:00 to 2019-12-31 00:00:00...
2025-05-05 15:49:07,720 - INFO - Using 499 assets with valid market caps for 2018-12-31 00:00:00
2025-05-05 15:49:07,736 - INFO - Processing period 2019-12-31 00:00:00 to 2020-12-31 00:00:00...
2025-05-05 15:49:07,736 - INFO - Using 499 assets with valid market caps for 2019-12-31 00:00:00
2025-05-05 15:49:07,751 - INFO - Processing period 2020-12-31 00:00:00 to 2021-12-31 00:00:00...
2025-05-05 15:49:07,751 - INFO - Using 499 assets with valid market caps for 2020-12-31 00:00:00
2025-05-05 15:49:07,767 - INFO - Processing period 2021-12-31 00:00:00 to 2022-12-30 00:00:00...
2025-05-05 15:49:07,767 - INFO - Using 499 assets with valid market caps for 2021-12-31 00:00:00
2025-05-05 15:49:07,783 - INFO - Processing period 2022-12-30 00:00:00 to 2023-12-29 00:00:00...
2025-05-05 15:49:07,783 - INFO - Using 499 assets with valid market caps for 2022-12-30 00:00:00
2025-05-05 15:49:07,799 - INFO - Value-weighted portfolio calculated with 120 monthly returns
2025-05-05 15:49:07,799 - INFO - Minimum Variance portfolio metrics: Return=1.30%, Vol=15.08%, SR=0.0861
2025-05-05 15:49:07,799 - INFO - Value-Weighted portfolio metrics: Return=5.25%, Vol=16.54%, SR=0.3175
2025-05-05 15:49:07,800 - INFO - 
Portfolio Comparison:
2025-05-05 15:49:07,803 - INFO - 
                  Annual Return (%)  ...  Max Return (%)
Minimum Variance               1.30  ...           14.58
Value-Weighted                 5.25  ...           18.14

[2 rows x 5 columns]
2025-05-05 15:49:08,494 - INFO - Cumulative returns plot saved to /Users/danieleparini/SAAM_Project_AK/Data/Results/cumulative_returns_part1.png
2025-05-05 15:49:08,496 - INFO - 
================================================================================
2025-05-05 15:49:08,496 - INFO - PART 2: Asset Allocation with Carbon Emissions Reduction
2025-05-05 15:49:08,496 - INFO - ================================================================================
2025-05-05 15:49:08,496 - INFO - Valid year columns: ['2013', '2014', '2015', '2016', '2017', '2018', '2019', '2020', '2021', '2022', '2023']
2025-05-05 15:49:08,524 - INFO - Computed carbon intensity for 11 years
2025-05-05 15:49:08,524 - INFO - 
Part 2.1: Computing carbon footprints...
2025-05-05 15:49:08,524 - WARNING - Invalid or empty weights for year 2013
2025-05-05 15:49:08,524 - INFO - Year 2014: MV Carbon Footprint = nan
2025-05-05 15:49:08,526 - INFO - Year 2013: CF = 235.79 tCO2e/$M
2025-05-05 15:49:08,526 - INFO - Year 2014: VW Carbon Footprint = 235.79
2025-05-05 15:49:08,526 - WARNING - Invalid or empty weights for year 2014
2025-05-05 15:49:08,526 - INFO - Year 2015: MV Carbon Footprint = nan
2025-05-05 15:49:08,528 - INFO - Year 2014: CF = 181.04 tCO2e/$M
2025-05-05 15:49:08,528 - INFO - Year 2015: VW Carbon Footprint = 181.04
2025-05-05 15:49:08,528 - WARNING - Invalid or empty weights for year 2015
2025-05-05 15:49:08,528 - INFO - Year 2016: MV Carbon Footprint = nan
2025-05-05 15:49:08,529 - INFO - Year 2015: CF = 174.90 tCO2e/$M
2025-05-05 15:49:08,529 - INFO - Year 2016: VW Carbon Footprint = 174.90
2025-05-05 15:49:08,529 - WARNING - Invalid or empty weights for year 2016
2025-05-05 15:49:08,530 - INFO - Year 2017: MV Carbon Footprint = nan
2025-05-05 15:49:08,531 - INFO - Year 2016: CF = 251.86 tCO2e/$M
2025-05-05 15:49:08,531 - INFO - Year 2017: VW Carbon Footprint = 251.86
2025-05-05 15:49:08,531 - WARNING - Invalid or empty weights for year 2017
2025-05-05 15:49:08,531 - INFO - Year 2018: MV Carbon Footprint = nan
2025-05-05 15:49:08,533 - INFO - Year 2017: CF = 205.74 tCO2e/$M
2025-05-05 15:49:08,533 - INFO - Year 2018: VW Carbon Footprint = 205.74
2025-05-05 15:49:08,533 - WARNING - Invalid or empty weights for year 2018
2025-05-05 15:49:08,533 - INFO - Year 2019: MV Carbon Footprint = nan
2025-05-05 15:49:08,534 - INFO - Year 2018: CF = 155.07 tCO2e/$M
2025-05-05 15:49:08,534 - INFO - Year 2019: VW Carbon Footprint = 155.07
2025-05-05 15:49:08,535 - WARNING - Invalid or empty weights for year 2019
2025-05-05 15:49:08,535 - INFO - Year 2020: MV Carbon Footprint = nan
2025-05-05 15:49:08,536 - INFO - Year 2019: CF = 149.85 tCO2e/$M
2025-05-05 15:49:08,536 - INFO - Year 2020: VW Carbon Footprint = 149.85
2025-05-05 15:49:08,536 - WARNING - Invalid or empty weights for year 2020
2025-05-05 15:49:08,536 - INFO - Year 2021: MV Carbon Footprint = nan
2025-05-05 15:49:08,538 - INFO - Year 2020: CF = 144.92 tCO2e/$M
2025-05-05 15:49:08,538 - INFO - Year 2021: VW Carbon Footprint = 144.92
2025-05-05 15:49:08,538 - WARNING - Invalid or empty weights for year 2021
2025-05-05 15:49:08,538 - INFO - Year 2022: MV Carbon Footprint = nan
2025-05-05 15:49:08,540 - INFO - Year 2021: CF = 118.14 tCO2e/$M
2025-05-05 15:49:08,540 - INFO - Year 2022: VW Carbon Footprint = 118.14
2025-05-05 15:49:08,540 - WARNING - Invalid or empty weights for year 2022
2025-05-05 15:49:08,540 - INFO - Year 2023: MV Carbon Footprint = nan
2025-05-05 15:49:08,541 - INFO - Year 2022: CF = 109.03 tCO2e/$M
2025-05-05 15:49:08,541 - INFO - Year 2023: VW Carbon Footprint = 109.03
2025-05-05 15:49:08,541 - INFO - 
Carbon Footprints Summary:
2025-05-05 15:49:08,541 - INFO - Year 2014: MV=nan, VW=235.79
2025-05-05 15:49:08,541 - INFO - Year 2015: MV=nan, VW=181.04
2025-05-05 15:49:08,541 - INFO - Year 2016: MV=nan, VW=174.90
2025-05-05 15:49:08,541 - INFO - Year 2017: MV=nan, VW=251.86
2025-05-05 15:49:08,541 - INFO - Year 2018: MV=nan, VW=205.74
2025-05-05 15:49:08,541 - INFO - Year 2019: MV=nan, VW=155.07
2025-05-05 15:49:08,541 - INFO - Year 2020: MV=nan, VW=149.85
2025-05-05 15:49:08,541 - INFO - Year 2021: MV=nan, VW=144.92
2025-05-05 15:49:08,541 - INFO - Year 2022: MV=nan, VW=118.14
2025-05-05 15:49:08,541 - INFO - Year 2023: MV=nan, VW=109.03
2025-05-05 15:49:08,542 - INFO - 
Part 2.2 & 2.3: Computing carbon-constrained portfolios...
2025-05-05 15:49:08,554 - INFO - Year 2013: CF = 240.30 tCO2e/$M
2025-05-05 15:49:08,554 - INFO - Base carbon footprint (2013): 240.30 tCO2e/$M
2025-05-05 15:49:08,554 - INFO - Processing year 2014...
2025-05-05 15:49:08,585 - WARNING - Invalid MV weights for 2014. Computing new weights.
2025-05-05 15:49:08,827 - INFO - Year 2013: CF = 71.97 tCO2e/$M
2025-05-05 15:49:08,828 - INFO - Year 2013: CF = 235.79 tCO2e/$M
2025-05-05 15:49:08,828 - INFO - Year 2014: MVC Target CF = 35.99 (50% of MV 71.97)
2025-05-05 15:49:11,351 - ERROR - Error with OSQP solver: Solver 'OSQP' failed. Try another solver, or solve with verbose=True for more information.
2025-05-05 15:49:11,420 - ERROR - Error with SCS solver: ScsWork allocation error!
2025-05-05 15:49:11,630 - INFO - Solver ECOS: Success, Final CF: 0.00
2025-05-05 15:49:11,630 - WARNING - Invalid or empty weights for year 2013
2025-05-05 15:49:11,630 - INFO - Year 2014: MVC Target CF = 35.99, Actual CF = nan
2025-05-05 15:49:11,630 - INFO - Year 2014: VWC Target CF = 176.84 (75% of VW 235.79)
2025-05-05 15:49:14,325 - ERROR - Error with OSQP solver: Solver 'OSQP' failed. Try another solver, or solve with verbose=True for more information.
2025-05-05 15:49:14,396 - ERROR - Error with SCS solver: ScsWork allocation error!
2025-05-05 15:49:14,586 - INFO - Solver ECOS: Success, Final CF: 0.00, Target CF: 176.84
2025-05-05 15:49:14,587 - WARNING - Invalid or empty weights for year 2013
2025-05-05 15:49:14,587 - INFO - Year 2014: VWC Target CF = 176.84, Actual CF = nan
2025-05-05 15:49:14,587 - INFO - Year 2014: Target CF for NZ = 212.21
2025-05-05 15:49:14,587 - INFO - Year 2014: Target reduction = 10.0%
2025-05-05 15:49:17,257 - ERROR - Error with OSQP solver: Solver 'OSQP' failed. Try another solver, or solve with verbose=True for more information.
2025-05-05 15:49:17,325 - ERROR - Error with SCS solver: ScsWork allocation error!
2025-05-05 15:49:17,522 - INFO - Solver ECOS: Success, Final CF: 0.00, Target CF: 212.21
2025-05-05 15:49:17,522 - WARNING - Invalid or empty weights for year 2013
2025-05-05 15:49:17,522 - INFO - Processing year 2015...
2025-05-05 15:49:17,604 - WARNING - Invalid MV weights for 2015. Computing new weights.
2025-05-05 15:49:17,765 - INFO - Year 2014: CF = 2119.97 tCO2e/$M
2025-05-05 15:49:17,769 - INFO - Year 2014: CF = 181.04 tCO2e/$M
2025-05-05 15:49:17,770 - INFO - Year 2015: MVC Target CF = 1059.99 (50% of MV 2119.97)
2025-05-05 15:49:20,251 - ERROR - Error with OSQP solver: Solver 'OSQP' failed. Try another solver, or solve with verbose=True for more information.
2025-05-05 15:49:20,317 - ERROR - Error with SCS solver: ScsWork allocation error!
2025-05-05 15:49:20,497 - INFO - Solver ECOS: Success, Final CF: 0.00
2025-05-05 15:49:20,498 - WARNING - Invalid or empty weights for year 2014
2025-05-05 15:49:20,498 - INFO - Year 2015: MVC Target CF = 1059.99, Actual CF = nan
2025-05-05 15:49:20,498 - INFO - Year 2015: VWC Target CF = 135.78 (75% of VW 181.04)
2025-05-05 15:49:23,196 - ERROR - Error with OSQP solver: Solver 'OSQP' failed. Try another solver, or solve with verbose=True for more information.
2025-05-05 15:49:23,264 - ERROR - Error with SCS solver: ScsWork allocation error!
2025-05-05 15:49:23,452 - INFO - Solver ECOS: Success, Final CF: 0.00, Target CF: 135.78
2025-05-05 15:49:23,453 - WARNING - Invalid or empty weights for year 2014
2025-05-05 15:49:23,453 - INFO - Year 2015: VWC Target CF = 135.78, Actual CF = nan
2025-05-05 15:49:23,453 - INFO - Year 2015: Target CF for NZ = 190.99
2025-05-05 15:49:23,453 - INFO - Year 2015: Target reduction = 19.0%
2025-05-05 15:49:26,111 - ERROR - Error with OSQP solver: Solver 'OSQP' failed. Try another solver, or solve with verbose=True for more information.
2025-05-05 15:49:26,180 - ERROR - Error with SCS solver: ScsWork allocation error!
2025-05-05 15:49:26,372 - INFO - Solver ECOS: Success, Final CF: 0.00, Target CF: 190.99
2025-05-05 15:49:26,372 - WARNING - Invalid or empty weights for year 2014
2025-05-05 15:49:26,372 - INFO - Processing year 2016...
2025-05-05 15:49:26,410 - WARNING - Invalid MV weights for 2016. Computing new weights.
2025-05-05 15:49:26,548 - INFO - Year 2015: CF = 527.95 tCO2e/$M
2025-05-05 15:49:26,549 - INFO - Year 2015: CF = 174.90 tCO2e/$M
2025-05-05 15:49:26,549 - INFO - Year 2016: MVC Target CF = 263.97 (50% of MV 527.95)
2025-05-05 15:49:26,903 - INFO - Solver OSQP: Success, Final CF: 263.97
2025-05-05 15:49:26,904 - INFO - Year 2015: CF = 263.97 tCO2e/$M
2025-05-05 15:49:26,904 - INFO - Year 2016: MVC Target CF = 263.97, Actual CF = 263.97
2025-05-05 15:49:26,905 - INFO - Year 2016: VWC Target CF = 131.18 (75% of VW 174.90)
2025-05-05 15:49:27,337 - INFO - Solver OSQP: Success, Final CF: 131.17, Target CF: 131.18
2025-05-05 15:49:27,339 - INFO - Year 2015: CF = 131.17 tCO2e/$M
2025-05-05 15:49:27,339 - INFO - Year 2016: VWC Target CF = 131.18, Actual CF = 131.17
2025-05-05 15:49:27,339 - INFO - Year 2016: Target CF for NZ = 171.89
2025-05-05 15:49:27,339 - INFO - Year 2016: Target reduction = 27.1%
2025-05-05 15:49:27,909 - INFO - Solver OSQP: Success, Final CF: 171.89, Target CF: 171.89
2025-05-05 15:49:27,911 - INFO - Year 2015: CF = 171.89 tCO2e/$M
2025-05-05 15:49:27,911 - INFO - Year 2016: NZ Target reduction = 27.1%, Actual = 27.1%
2025-05-05 15:49:27,911 - INFO - Processing year 2017...
2025-05-05 15:49:27,941 - WARNING - Invalid MV weights for 2017. Computing new weights.
2025-05-05 15:49:28,081 - WARNING - Invalid VW weights for 2017. Computing from market caps.
2025-05-05 15:49:28,083 - INFO - Year 2016: CF = 1132.24 tCO2e/$M
2025-05-05 15:49:28,084 - INFO - Year 2016: CF = 209.72 tCO2e/$M
2025-05-05 15:49:28,084 - INFO - Year 2017: MVC Target CF = 566.12 (50% of MV 1132.24)
2025-05-05 15:49:28,533 - INFO - Solver OSQP: Success, Final CF: 566.12
2025-05-05 15:49:28,535 - INFO - Year 2016: CF = 566.12 tCO2e/$M
2025-05-05 15:49:28,535 - INFO - Year 2017: MVC Target CF = 566.12, Actual CF = 566.12
2025-05-05 15:49:28,535 - INFO - Year 2017: VWC Target CF = 157.29 (75% of VW 209.72)
2025-05-05 15:49:29,068 - INFO - Solver OSQP: Success, Final CF: 157.29, Target CF: 157.29
2025-05-05 15:49:29,070 - INFO - Year 2016: CF = 157.29 tCO2e/$M
2025-05-05 15:49:29,070 - INFO - Year 2017: VWC Target CF = 157.29, Actual CF = 157.29
2025-05-05 15:49:29,070 - INFO - Year 2017: Target CF for NZ = 154.70
2025-05-05 15:49:29,070 - INFO - Year 2017: Target reduction = 34.4%
2025-05-05 15:49:29,825 - INFO - Solver OSQP: Success, Final CF: 154.70, Target CF: 154.70
2025-05-05 15:49:29,827 - INFO - Year 2016: CF = 154.70 tCO2e/$M
2025-05-05 15:49:29,827 - INFO - Year 2017: NZ Target reduction = 34.4%, Actual = 34.4%
2025-05-05 15:49:29,827 - INFO - Processing year 2018...
2025-05-05 15:49:29,856 - WARNING - Invalid MV weights for 2018. Computing new weights.
2025-05-05 15:49:30,061 - WARNING - Invalid VW weights for 2018. Computing from market caps.
2025-05-05 15:49:30,065 - INFO - Year 2017: CF = 447.64 tCO2e/$M
2025-05-05 15:49:30,067 - INFO - Year 2017: CF = 188.70 tCO2e/$M
2025-05-05 15:49:30,068 - INFO - Year 2018: MVC Target CF = 223.82 (50% of MV 447.64)
2025-05-05 15:49:30,383 - INFO - Solver OSQP: Success, Final CF: 223.82
2025-05-05 15:49:30,385 - INFO - Year 2017: CF = 223.82 tCO2e/$M
2025-05-05 15:49:30,385 - INFO - Year 2018: MVC Target CF = 223.82, Actual CF = 223.82
2025-05-05 15:49:30,385 - INFO - Year 2018: VWC Target CF = 141.53 (75% of VW 188.70)
2025-05-05 15:49:30,953 - INFO - Solver OSQP: Success, Final CF: 141.53, Target CF: 141.53
2025-05-05 15:49:30,954 - INFO - Year 2017: CF = 141.53 tCO2e/$M
2025-05-05 15:49:30,954 - INFO - Year 2018: VWC Target CF = 141.53, Actual CF = 141.53
2025-05-05 15:49:30,954 - INFO - Year 2018: Target CF for NZ = 139.23
2025-05-05 15:49:30,954 - INFO - Year 2018: Target reduction = 41.0%
2025-05-05 15:49:31,530 - INFO - Solver OSQP: Success, Final CF: 139.23, Target CF: 139.23
2025-05-05 15:49:31,532 - INFO - Year 2017: CF = 139.23 tCO2e/$M
2025-05-05 15:49:31,532 - INFO - Year 2018: NZ Target reduction = 41.0%, Actual = 41.0%
2025-05-05 15:49:31,532 - INFO - Processing year 2019...
2025-05-05 15:49:31,562 - WARNING - Invalid MV weights for 2019. Computing new weights.
2025-05-05 15:49:31,747 - INFO - Year 2018: CF = 202.98 tCO2e/$M
2025-05-05 15:49:31,748 - INFO - Year 2018: CF = 155.07 tCO2e/$M
2025-05-05 15:49:31,748 - INFO - Year 2019: MVC Target CF = 101.49 (50% of MV 202.98)
2025-05-05 15:49:32,019 - INFO - Solver OSQP: Success, Final CF: 101.49
2025-05-05 15:49:32,021 - INFO - Year 2018: CF = 101.49 tCO2e/$M
2025-05-05 15:49:32,022 - INFO - Year 2019: MVC Target CF = 101.49, Actual CF = 101.49
2025-05-05 15:49:32,022 - INFO - Year 2019: VWC Target CF = 116.30 (75% of VW 155.07)
2025-05-05 15:49:32,446 - INFO - Solver OSQP: Success, Final CF: 116.30, Target CF: 116.30
2025-05-05 15:49:32,448 - INFO - Year 2018: CF = 116.30 tCO2e/$M
2025-05-05 15:49:32,448 - INFO - Year 2019: VWC Target CF = 116.30, Actual CF = 116.30
2025-05-05 15:49:32,448 - INFO - Year 2019: Target CF for NZ = 125.31
2025-05-05 15:49:32,448 - INFO - Year 2019: Target reduction = 46.9%
2025-05-05 15:49:32,894 - INFO - Solver OSQP: Success, Final CF: 125.31, Target CF: 125.31
2025-05-05 15:49:32,895 - INFO - Year 2018: CF = 125.31 tCO2e/$M
2025-05-05 15:49:32,895 - INFO - Year 2019: NZ Target reduction = 46.9%, Actual = 46.9%
2025-05-05 15:49:32,895 - INFO - Processing year 2020...
2025-05-05 15:49:32,925 - WARNING - Invalid MV weights for 2020. Computing new weights.
2025-05-05 15:49:33,098 - INFO - Year 2019: CF = 68.16 tCO2e/$M
2025-05-05 15:49:33,099 - INFO - Year 2019: CF = 149.85 tCO2e/$M
2025-05-05 15:49:33,099 - INFO - Year 2020: MVC Target CF = 34.08 (50% of MV 68.16)
2025-05-05 15:49:33,376 - INFO - Solver OSQP: Success, Final CF: 34.08
2025-05-05 15:49:33,378 - INFO - Year 2019: CF = 34.08 tCO2e/$M
2025-05-05 15:49:33,378 - INFO - Year 2020: MVC Target CF = 34.08, Actual CF = 34.08
2025-05-05 15:49:33,378 - INFO - Year 2020: VWC Target CF = 112.38 (75% of VW 149.85)
2025-05-05 15:49:33,822 - INFO - Solver OSQP: Success, Final CF: 112.38, Target CF: 112.38
2025-05-05 15:49:33,823 - INFO - Year 2019: CF = 112.38 tCO2e/$M
2025-05-05 15:49:33,824 - INFO - Year 2020: VWC Target CF = 112.38, Actual CF = 112.38
2025-05-05 15:49:33,824 - INFO - Year 2020: Target CF for NZ = 112.78
2025-05-05 15:49:33,824 - INFO - Year 2020: Target reduction = 52.2%
2025-05-05 15:49:34,265 - INFO - Solver OSQP: Success, Final CF: 112.78, Target CF: 112.78
2025-05-05 15:49:34,267 - INFO - Year 2019: CF = 112.78 tCO2e/$M
2025-05-05 15:49:34,267 - INFO - Year 2020: NZ Target reduction = 52.2%, Actual = 52.2%
2025-05-05 15:49:34,267 - INFO - Processing year 2021...
2025-05-05 15:49:34,296 - WARNING - Invalid MV weights for 2021. Computing new weights.
2025-05-05 15:49:34,493 - INFO - Year 2020: CF = 30.60 tCO2e/$M
2025-05-05 15:49:34,494 - INFO - Year 2020: CF = 144.92 tCO2e/$M
2025-05-05 15:49:34,494 - INFO - Year 2021: MVC Target CF = 15.30 (50% of MV 30.60)
2025-05-05 15:49:34,729 - INFO - Solver OSQP: Success, Final CF: 15.30
2025-05-05 15:49:34,735 - INFO - Year 2020: CF = 15.30 tCO2e/$M
2025-05-05 15:49:34,735 - INFO - Year 2021: MVC Target CF = 15.30, Actual CF = 15.30
2025-05-05 15:49:34,735 - INFO - Year 2021: VWC Target CF = 108.69 (75% of VW 144.92)
2025-05-05 15:49:35,190 - INFO - Solver OSQP: Success, Final CF: 108.69, Target CF: 108.69
2025-05-05 15:49:35,191 - INFO - Year 2020: CF = 108.69 tCO2e/$M
2025-05-05 15:49:35,191 - INFO - Year 2021: VWC Target CF = 108.69, Actual CF = 108.69
2025-05-05 15:49:35,191 - INFO - Year 2021: Target CF for NZ = 101.50
2025-05-05 15:49:35,191 - INFO - Year 2021: Target reduction = 57.0%
2025-05-05 15:49:35,642 - INFO - Solver OSQP: Success, Final CF: 101.50, Target CF: 101.50
2025-05-05 15:49:35,644 - INFO - Year 2020: CF = 101.50 tCO2e/$M
2025-05-05 15:49:35,644 - INFO - Year 2021: NZ Target reduction = 57.0%, Actual = 57.0%
2025-05-05 15:49:35,644 - INFO - Processing year 2022...
2025-05-05 15:49:35,674 - WARNING - Invalid MV weights for 2022. Computing new weights.
2025-05-05 15:49:35,851 - INFO - Year 2021: CF = 28.60 tCO2e/$M
2025-05-05 15:49:35,853 - INFO - Year 2021: CF = 118.14 tCO2e/$M
2025-05-05 15:49:35,853 - INFO - Year 2022: MVC Target CF = 14.30 (50% of MV 28.60)
2025-05-05 15:49:36,080 - INFO - Solver OSQP: Success, Final CF: 14.30
2025-05-05 15:49:36,084 - INFO - Year 2021: CF = 14.30 tCO2e/$M
2025-05-05 15:49:36,084 - INFO - Year 2022: MVC Target CF = 14.30, Actual CF = 14.30
2025-05-05 15:49:36,084 - INFO - Year 2022: VWC Target CF = 88.60 (75% of VW 118.14)
2025-05-05 15:49:36,419 - INFO - Solver OSQP: Success, Final CF: 88.60, Target CF: 88.60
2025-05-05 15:49:36,421 - INFO - Year 2021: CF = 88.60 tCO2e/$M
2025-05-05 15:49:36,421 - INFO - Year 2022: VWC Target CF = 88.60, Actual CF = 88.60
2025-05-05 15:49:36,421 - INFO - Year 2022: Target CF for NZ = 91.35
2025-05-05 15:49:36,421 - INFO - Year 2022: Target reduction = 61.3%
2025-05-05 15:49:36,819 - INFO - Solver OSQP: Success, Final CF: 91.35, Target CF: 91.35
2025-05-05 15:49:36,820 - INFO - Year 2021: CF = 91.35 tCO2e/$M
2025-05-05 15:49:36,821 - INFO - Year 2022: NZ Target reduction = 61.3%, Actual = 61.3%
2025-05-05 15:49:36,821 - INFO - Processing year 2023...
2025-05-05 15:49:36,850 - WARNING - Invalid MV weights for 2023. Computing new weights.
2025-05-05 15:49:37,043 - WARNING - Invalid VW weights for 2023. Computing from market caps.
2025-05-05 15:49:37,046 - INFO - Year 2022: CF = 24.61 tCO2e/$M
2025-05-05 15:49:37,047 - INFO - Year 2022: CF = 108.74 tCO2e/$M
2025-05-05 15:49:37,047 - INFO - Year 2023: MVC Target CF = 12.30 (50% of MV 24.61)
2025-05-05 15:49:37,280 - INFO - Solver OSQP: Success, Final CF: 12.30
2025-05-05 15:49:37,282 - INFO - Year 2022: CF = 12.30 tCO2e/$M
2025-05-05 15:49:37,282 - INFO - Year 2023: MVC Target CF = 12.30, Actual CF = 12.30
2025-05-05 15:49:37,282 - INFO - Year 2023: VWC Target CF = 81.55 (75% of VW 108.74)
2025-05-05 15:49:37,715 - INFO - Solver OSQP: Success, Final CF: 81.55, Target CF: 81.55
2025-05-05 15:49:37,717 - INFO - Year 2022: CF = 81.55 tCO2e/$M
2025-05-05 15:49:37,717 - INFO - Year 2023: VWC Target CF = 81.55, Actual CF = 81.55
2025-05-05 15:49:37,717 - INFO - Year 2023: Target CF for NZ = 82.22
2025-05-05 15:49:37,717 - INFO - Year 2023: Target reduction = 65.1%
2025-05-05 15:49:38,198 - INFO - Solver OSQP: Success, Final CF: 82.22, Target CF: 82.22
2025-05-05 15:49:38,200 - INFO - Year 2022: CF = 82.22 tCO2e/$M
2025-05-05 15:49:38,200 - INFO - Year 2023: NZ Target reduction = 65.1%, Actual = 65.1%
2025-05-05 15:49:38,367 - INFO - 
Carbon-Constrained Portfolio Results:
2025-05-05 15:49:38,367 - INFO - 
Year 2014:
2025-05-05 15:49:38,367 - INFO -   MVC (MV with 50% reduction): nan
2025-05-05 15:49:38,367 - INFO -   VWC (VW with 25% reduction): nan
2025-05-05 15:49:38,367 - INFO -   NZ (Net Zero): nan
2025-05-05 15:49:38,367 - INFO - 
Year 2015:
2025-05-05 15:49:38,367 - INFO -   MVC (MV with 50% reduction): nan
2025-05-05 15:49:38,367 - INFO -   VWC (VW with 25% reduction): nan
2025-05-05 15:49:38,367 - INFO -   NZ (Net Zero): nan
2025-05-05 15:49:38,367 - INFO - 
Year 2016:
2025-05-05 15:49:38,367 - INFO -   MVC (MV with 50% reduction): 263.97
2025-05-05 15:49:38,367 - INFO -   VWC (VW with 25% reduction): 131.17
2025-05-05 15:49:38,367 - INFO -   NZ (Net Zero): 171.89
2025-05-05 15:49:38,367 - INFO - 
Year 2017:
2025-05-05 15:49:38,367 - INFO -   MVC (MV with 50% reduction): 566.12
2025-05-05 15:49:38,367 - INFO -   VWC (VW with 25% reduction): 157.29
2025-05-05 15:49:38,367 - INFO -   NZ (Net Zero): 154.70
2025-05-05 15:49:38,367 - INFO - 
Year 2018:
2025-05-05 15:49:38,367 - INFO -   MVC (MV with 50% reduction): 223.82
2025-05-05 15:49:38,367 - INFO -   VWC (VW with 25% reduction): 141.53
2025-05-05 15:49:38,367 - INFO -   NZ (Net Zero): 139.23
2025-05-05 15:49:38,367 - INFO - 
Year 2019:
2025-05-05 15:49:38,367 - INFO -   MVC (MV with 50% reduction): 101.49
2025-05-05 15:49:38,367 - INFO -   VWC (VW with 25% reduction): 116.30
2025-05-05 15:49:38,367 - INFO -   NZ (Net Zero): 125.31
2025-05-05 15:49:38,367 - INFO - 
Year 2020:
2025-05-05 15:49:38,367 - INFO -   MVC (MV with 50% reduction): 34.08
2025-05-05 15:49:38,367 - INFO -   VWC (VW with 25% reduction): 112.38
2025-05-05 15:49:38,367 - INFO -   NZ (Net Zero): 112.78
2025-05-05 15:49:38,367 - INFO - 
Year 2021:
2025-05-05 15:49:38,367 - INFO -   MVC (MV with 50% reduction): 15.30
2025-05-05 15:49:38,367 - INFO -   VWC (VW with 25% reduction): 108.69
2025-05-05 15:49:38,367 - INFO -   NZ (Net Zero): 101.50
2025-05-05 15:49:38,367 - INFO - 
Year 2022:
2025-05-05 15:49:38,367 - INFO -   MVC (MV with 50% reduction): 14.30
2025-05-05 15:49:38,367 - INFO -   VWC (VW with 25% reduction): 88.60
2025-05-05 15:49:38,368 - INFO -   NZ (Net Zero): 91.35
2025-05-05 15:49:38,368 - INFO - 
Year 2023:
2025-05-05 15:49:38,368 - INFO -   MVC (MV with 50% reduction): 12.30
2025-05-05 15:49:38,368 - INFO -   VWC (VW with 25% reduction): 81.55
2025-05-05 15:49:38,368 - INFO -   NZ (Net Zero): 82.22
2025-05-05 15:49:38,368 - INFO - 
================================================================================
2025-05-05 15:49:38,368 - INFO - PART 3: Allocation with Net Zero Objective
2025-05-05 15:49:38,368 - INFO - ================================================================================
2025-05-05 15:49:38,368 - INFO - 
Net Zero Carbon Footprints:
2025-05-05 15:49:38,368 - INFO - Year 2014: CF = nan, Target = 10.0%, Actual = nan%
2025-05-05 15:49:38,368 - INFO - Year 2015: CF = nan, Target = 19.0%, Actual = nan%
2025-05-05 15:49:38,368 - INFO - Year 2016: CF = 171.89, Target = 27.1%, Actual = 27.1%
2025-05-05 15:49:38,368 - INFO - Year 2017: CF = 154.70, Target = 34.4%, Actual = 34.4%
2025-05-05 15:49:38,368 - INFO - Year 2018: CF = 139.23, Target = 41.0%, Actual = 41.0%
2025-05-05 15:49:38,368 - INFO - Year 2019: CF = 125.31, Target = 46.9%, Actual = 46.9%
2025-05-05 15:49:38,368 - INFO - Year 2020: CF = 112.78, Target = 52.2%, Actual = 52.2%
2025-05-05 15:49:38,368 - INFO - Year 2021: CF = 101.50, Target = 57.0%, Actual = 57.0%
2025-05-05 15:49:38,368 - INFO - Year 2022: CF = 91.35, Target = 61.3%, Actual = 61.3%
2025-05-05 15:49:38,368 - INFO - Year 2023: CF = 82.22, Target = 65.1%, Actual = 65.1%
2025-05-05 15:49:38,368 - INFO - 
Generating final reports and visualizations...
2025-05-05 15:49:40,984 - INFO - 
Project execution completed successfully!
2025-05-05 15:49:40,984 - INFO - Results saved to: /Users/danieleparini/SAAM_Project_AK/Data/Results
2025-05-05 15:49:40,984 - INFO - 
Generated files:
2025-05-05 15:49:40,984 - INFO -   - cumulative_returns_part1.png
2025-05-05 15:49:40,984 - INFO -   - carbon_footprint_evolution.png
2025-05-05 15:49:40,984 - INFO -   - carbon_reduction_percentages.png
2025-05-05 15:49:40,984 - INFO -   - cumulative_returns_comparison.png
2025-05-05 15:49:40,984 - INFO -   - performance_summary_table.png
2025-05-05 15:49:40,984 - INFO -   - performance_summary.csv
2025-05-05 15:49:40,984 - INFO -   - carbon_footprint_detailed_summary.csv
2025-05-05 15:49:40,984 - INFO -   - project_report.txt
